[UnityMemory] Configuration Parameters - Can be set up in boot.config
    "memorysetup-allocator-temp-initial-block-size-main=262144"
    "memorysetup-allocator-temp-initial-block-size-worker=262144"
    "memorysetup-temp-allocator-size-background-worker=32768"
    "memorysetup-temp-allocator-size-job-worker=262144"
    "memorysetup-temp-allocator-size-preload-manager=262144"
    "memorysetup-temp-allocator-size-nav-mesh-worker=65536"
    "memorysetup-temp-allocator-size-audio-worker=65536"
    "memorysetup-temp-allocator-size-cloud-worker=32768"
    "memorysetup-bucket-allocator-granularity=16"
    "memorysetup-bucket-allocator-bucket-count=8"
    "memorysetup-bucket-allocator-block-size=4194304"
    "memorysetup-bucket-allocator-block-count=1"
    "memorysetup-main-allocator-block-size=16777216"
    "memorysetup-thread-allocator-block-size=16777216"
    "memorysetup-gfx-main-allocator-block-size=16777216"
    "memorysetup-gfx-thread-allocator-block-size=16777216"
    "memorysetup-cache-allocator-block-size=4194304"
    "memorysetup-typetree-allocator-block-size=2097152"
    "memorysetup-profiler-bucket-allocator-granularity=16"
    "memorysetup-profiler-bucket-allocator-bucket-count=8"
    "memorysetup-profiler-bucket-allocator-block-size=4194304"
    "memorysetup-profiler-bucket-allocator-block-count=1"
    "memorysetup-profiler-allocator-block-size=16777216"
    "memorysetup-profiler-editor-allocator-block-size=1048576"
    "memorysetup-temp-allocator-size-main=4194304"
    "memorysetup-job-temp-allocator-block-size=2097152"
    "memorysetup-job-temp-allocator-block-size-background=1048576"
    "memorysetup-job-temp-allocator-reduction-small-platforms=262144"
    "memorysetup-temp-allocator-size-gfx=262144"
{
  "config": "configs/v7/main_study/v7_2_readout_ppo.yaml",
  "steps": 1024,
  "seconds": 20.772654708474874,
  "steps_per_second": 49.29557701559571,
  "threads": 2,
  "engine": true,
  "profile": false,
  "fast": "both",
  "mps_brain": true,
  "training_updates": 0,
  "batch_sha256": {
    "features": "99702cf9c820633428279d9d5f0b9ac355db7dad0524d4e55f90096b34fa37a5",
    "central": "d0b19fef7fcaba9eceb6e4d342b35643613c8262d18707f6bc3e9ba4f9843e56",
    "action": "80ee27c2642f01f027417cfa2e88d4ee5e1c856aed5bf1de7f8afa89e18bd245",
    "old_log_prob": "e6a033a663765aac8340c88f45226e703cae0538e7e7d48d08aaf7f10de065a6",
    "old_value": "ae459f556cac6e09c70f06a381ee7e10364fd7b57b5beafdeda6f1adb6330e4b",
    "reward": "4234b1ebc26479175b0990f872bea67446f373c99598d23666757b0889cadd57",
    "next_value": "9afb9aa9385a68de81a7c8e6297c43fa2b1dba747a1741bcb3b57c0a16a74a3a",
    "terminated": "f5a5fd42d16a20302798ef6ed309979b43003d2320d9f0e8ea9831a92759fb4b",
    "truncated": "f5a5fd42d16a20302798ef6ed309979b43003d2320d9f0e8ea9831a92759fb4b",
    "advantage": "55d87cf7f94bb4d135f1ab3064280dcb8a7c6915d24bee10578f34017bb62ca6",
    "return_": "16ad52a178c74133f98acd6d51dc9d231af3bee509d19de2265ec9e28f4b902a"
  }
}
