[UnityMemory] Configuration Parameters - Can be set up in boot.config
    "memorysetup-allocator-temp-initial-block-size-main=262144"
    "memorysetup-allocator-temp-initial-block-size-worker=262144"
    "memorysetup-temp-allocator-size-background-worker=32768"
    "memorysetup-temp-allocator-size-job-worker=262144"
    "memorysetup-temp-allocator-size-preload-manager=262144"
    "memorysetup-temp-allocator-size-nav-mesh-worker=65536"
    "memorysetup-temp-allocator-size-audio-worker=65536"
    "memorysetup-temp-allocator-size-cloud-worker=32768"
    "memorysetup-bucket-allocator-granularity=16"
    "memorysetup-bucket-allocator-bucket-count=8"
    "memorysetup-bucket-allocator-block-size=4194304"
    "memorysetup-bucket-allocator-block-count=1"
    "memorysetup-main-allocator-block-size=16777216"
    "memorysetup-thread-allocator-block-size=16777216"
    "memorysetup-gfx-main-allocator-block-size=16777216"
    "memorysetup-gfx-thread-allocator-block-size=16777216"
    "memorysetup-cache-allocator-block-size=4194304"
    "memorysetup-typetree-allocator-block-size=2097152"
    "memorysetup-profiler-bucket-allocator-granularity=16"
    "memorysetup-profiler-bucket-allocator-bucket-count=8"
    "memorysetup-profiler-bucket-allocator-block-size=4194304"
    "memorysetup-profiler-bucket-allocator-block-count=1"
    "memorysetup-profiler-allocator-block-size=16777216"
    "memorysetup-profiler-editor-allocator-block-size=1048576"
    "memorysetup-temp-allocator-size-main=4194304"
    "memorysetup-job-temp-allocator-block-size=2097152"
    "memorysetup-job-temp-allocator-block-size-background=1048576"
    "memorysetup-job-temp-allocator-reduction-small-platforms=262144"
    "memorysetup-temp-allocator-size-gfx=262144"
{
  "config": "configs/v7/main_study/v7_1_rewired.yaml",
  "steps": 1024,
  "seconds": 20.352129831910133,
  "steps_per_second": 50.314144438803105,
  "threads": 2,
  "engine": true,
  "profile": false,
  "fast": "both",
  "mps_brain": false,
  "training_updates": 0,
  "batch_sha256": {
    "features": "23219176406c2f43903ce04a187638b6f7d2b7d098c9cebd5ff1bf1fa0b674ea",
    "central": "5862edde9a98f5987e8050e6945adec88d7eac47221671ff134433a8c18d4c4e",
    "action": "5116119a1ad35d99eb209e69c84139dec856a134a6e816de5dc2bdbcef7edcf1",
    "old_log_prob": "d6f1560f389826a2ae9dc8efe37201da5222a3b4628972ba9e696967158fd9fd",
    "old_value": "202954b03f96661d70d7d05d4f514ac6a3595773e32f3eff622692e32deb7e38",
    "reward": "bfc5818c0597aa1adcdc543e76ac3cab2e27dcc153bcdbd75e55f25c664ac2de",
    "next_value": "b36818390ee7910eec863c9062234cd60c7bf1927d2b4edf2f83c4bc224259a0",
    "terminated": "f5a5fd42d16a20302798ef6ed309979b43003d2320d9f0e8ea9831a92759fb4b",
    "truncated": "f5a5fd42d16a20302798ef6ed309979b43003d2320d9f0e8ea9831a92759fb4b",
    "valid": "2a32f2430d8020b414f0e2be3a7980a31531dcdd5c9a4d697d7642a547311ddd",
    "advantage": "7709e4f8b9bcb627dced45464341076ee77454a55dcde54755a8b37641b645ce",
    "return_": "7535a806dbb11fac94fbf245cd73fae49e26ca62197ffacaa1a3e0a136e57ac2"
  }
}
